Card    637.82
Wallet  162.10
-----   
Total   799.92
