          Card    Wallet  =
Bar       -       25.50   25.50
Presents  32.18   -       32.18
Rent      380.00  -       380.00
Shop      -       12.40   12.40
=         412.18  37.90   450.08
