                       Card    Wallet  Total
31 Dec 18 - 06 Jan 19  412.18  37.90   450.08
-----                          
Total                  412.18  37.90  450.08
